Flow report for tetris
Mon Dec 07 14:23:05 2009
Quartus II Version 9.0 Build 132 02/25/2009 SJ Full Version


---------------------
; Table of Contents ;
---------------------
  1. Legal Notice
  2. Flow Summary
  3. Flow Settings
  4. Flow Non-Default Global Settings
  5. Flow Elapsed Time
  6. Flow OS Summary
  7. Flow Log



----------------
; Legal Notice ;
----------------
Copyright (C) 1991-2009 Altera Corporation
Your use of Altera Corporation's design tools, logic functions 
and other software and tools, and its AMPP partner logic 
functions, and any output files from any of the foregoing 
(including device programming or simulation files), and any 
associated documentation or information are expressly subject 
to the terms and conditions of the Altera Program License 
Subscription Agreement, Altera MegaCore Function License 
Agreement, or other applicable license agreement, including, 
without limitation, that your use is for the sole purpose of 
programming logic devices manufactured by Altera and sold by 
Altera or its authorized distributors.  Please refer to the 
applicable agreement for further details.



+-------------------------------------------------------------------------------+
; Flow Summary                                                                  ;
+------------------------------------+------------------------------------------+
; Flow Status                        ; Successful - Mon Dec 07 14:23:04 2009    ;
; Quartus II Version                 ; 9.0 Build 132 02/25/2009 SJ Full Version ;
; Revision Name                      ; tetris                                   ;
; Top-level Entity Name              ; tetris                                   ;
; Family                             ; Cyclone II                               ;
; Device                             ; EP2C35F672C6                             ;
; Timing Models                      ; Final                                    ;
; Met timing requirements            ; Yes                                      ;
; Total logic elements               ; 2,936 / 33,216 ( 9 % )                   ;
;     Total combinational functions  ; 2,889 / 33,216 ( 9 % )                   ;
;     Dedicated logic registers      ; 588 / 33,216 ( 2 % )                     ;
; Total registers                    ; 588                                      ;
; Total pins                         ; 56 / 475 ( 12 % )                        ;
; Total virtual pins                 ; 0                                        ;
; Total memory bits                  ; 0 / 483,840 ( 0 % )                      ;
; Embedded Multiplier 9-bit elements ; 7 / 70 ( 10 % )                          ;
; Total PLLs                         ; 1 / 4 ( 25 % )                           ;
+------------------------------------+------------------------------------------+


+-----------------------------------------+
; Flow Settings                           ;
+-------------------+---------------------+
; Option            ; Setting             ;
+-------------------+---------------------+
; Start date & time ; 12/07/2009 14:21:58 ;
; Main task         ; Compilation         ;
; Revision Name     ; tetris              ;
+-------------------+---------------------+


+------------------------------------------------------------------------------------------------------------------+
; Flow Non-Default Global Settings                                                                                 ;
+------------------------------------+------------------------------+---------------+-------------+----------------+
; Assignment Name                    ; Value                        ; Default Value ; Entity Name ; Section Id     ;
+------------------------------------+------------------------------+---------------+-------------+----------------+
; COMPILER_SIGNATURE_ID              ; 130188365765.126021011702848 ; --            ; --          ; --             ;
; ENABLE_CLOCK_LATENCY               ; On                           ; Off           ; --          ; --             ;
; IP_TOOL_NAME                       ; ALTPLL                       ; --            ; --          ; --             ;
; IP_TOOL_VERSION                    ; 9.0                          ; --            ; --          ; --             ;
; MAX_CORE_JUNCTION_TEMP             ; 85                           ; --            ; --          ; --             ;
; MIN_CORE_JUNCTION_TEMP             ; 0                            ; --            ; --          ; --             ;
; MISC_FILE                          ; H:/tetris_verilog/tetris.dpf ; --            ; --          ; --             ;
; MISC_FILE                          ; pll_bb.v                     ; --            ; --          ; --             ;
; MISC_FILE                          ; pll.ppf                      ; --            ; --          ; --             ;
; PARTITION_COLOR                    ; 16764057                     ; --            ; --          ; Top            ;
; PARTITION_NETLIST_TYPE             ; SOURCE                       ; --            ; --          ; Top            ;
; USE_GENERATED_PHYSICAL_CONSTRAINTS ; Off                          ; --            ; --          ; eda_blast_fpga ;
+------------------------------------+------------------------------+---------------+-------------+----------------+


+-----------------------------------------------------------------------------------------------------------------------------+
; Flow Elapsed Time                                                                                                           ;
+-------------------------+--------------+-------------------------+---------------------+------------------------------------+
; Module Name             ; Elapsed Time ; Average Processors Used ; Peak Virtual Memory ; Total CPU Time (on all processors) ;
+-------------------------+--------------+-------------------------+---------------------+------------------------------------+
; Analysis & Synthesis    ; 00:00:32     ; 1.0                     ; 194 MB              ; 00:00:26                           ;
; Fitter                  ; 00:00:17     ; 1.2                     ; 291 MB              ; 00:00:16                           ;
; Assembler               ; 00:00:07     ; 1.0                     ; 228 MB              ; 00:00:04                           ;
; Classic Timing Analyzer ; 00:00:03     ; 1.0                     ; 165 MB              ; 00:00:02                           ;
; Total                   ; 00:00:59     ; --                      ; --                  ; 00:00:48                           ;
+-------------------------+--------------+-------------------------+---------------------+------------------------------------+


+---------------------------------------------------------------------------------------+
; Flow OS Summary                                                                       ;
+-------------------------+------------------+------------+------------+----------------+
; Module Name             ; Machine Hostname ; OS Name    ; OS Version ; Processor type ;
+-------------------------+------------------+------------+------------+----------------+
; Analysis & Synthesis    ; gc127m02         ; Windows XP ; 5.1        ; i686           ;
; Fitter                  ; gc127m02         ; Windows XP ; 5.1        ; i686           ;
; Assembler               ; gc127m02         ; Windows XP ; 5.1        ; i686           ;
; Classic Timing Analyzer ; gc127m02         ; Windows XP ; 5.1        ; i686           ;
+-------------------------+------------------+------------+------------+----------------+


------------
; Flow Log ;
------------
quartus_map --read_settings_files=on --write_settings_files=off tetris -c tetris
quartus_fit --read_settings_files=off --write_settings_files=off tetris -c tetris
quartus_asm --read_settings_files=off --write_settings_files=off tetris -c tetris
quartus_tan --read_settings_files=off --write_settings_files=off tetris -c tetris --timing_analysis_only



